Script started on 2019-10-17 15:01:51-04:00 [TERM="xterm-256color" TTY="/dev/pts/0" COLUMNS="94" LINES="23"]
rimai1@g7-34:/import/linux/home1/rimai1/git-repos/i220b/work/lab9$ cp =-[K[K=e[K[K-45[K[K[K-5[K4[Kr ~/git-repos/fg[K[Kla[K[Ka[Kcd[Ks220/lab s/lab9/files/* .
cp: cannot stat '/home/rimai1/git-repos/cs220/labs/lab9/files/*': No such file or directory
rimai1@g7-34:/import/linux/home1/rimai1/git-repos/i220b/work/lab9$ c[Kcd
rimai1@g7-34:~$ cd git=r[K[K-rep[o[K[Kos/cs220
rimai1@g7-34:~/git-repos/cs220$ ls
announce.html  assets  docs	      exercises  index.html  labs      misc	 README.md
announce.umt   bin     exams-quizzes  hws	 index.umt   Makefile  projects  slides
rimai1@g7-34:~/git-repos/cs220$ cd lb[Kabs
rimai1@g7-34:~/git-repos/cs220/labs$ lss[K
index.html  index.umt  lab1  lab2  lab3  lab4  lab5  lab6  lab7  lab8  lab-tips  Makefile
rimai1@g7-34:~/git-repos/cs220/labs$ git pu;;[K[Kll
rimai1@remote.cs.binghamton.edu's password: 
remote: Enumerating objects: 119, done.[K
remote: Counting objects:   0% (1/119)   [Kremote: Counting objects:   1% (2/119)   [Kremote: Counting objects:   2% (3/119)   [Kremote: Counting objects:   3% (4/119)   [Kremote: Counting objects:   4% (5/119)   [Kremote: Counting objects:   5% (6/119)   [Kremote: Counting objects:   6% (8/119)   [Kremote: Counting objects:   7% (9/119)   [Kremote: Counting objects:   8% (10/119)   [Kremote: Counting objects:   9% (11/119)   [Kremote: Counting objects:  10% (12/119)   [Kremote: Counting objects:  11% (14/119)   [Kremote: Counting objects:  12% (15/119)   [Kremote: Counting objects:  13% (16/119)   [Kremote: Counting objects:  14% (17/119)   [Kremote: Counting objects:  15% (18/119)   [Kremote: Counting objects:  16% (20/119)   [Kremote: Counting objects:  17% (21/119)   [Kremote: Counting objects:  18% (22/119)   [Kremote: Counting objects:  19% (23/119)   [Kremote: Counting objects:  20% (24/119)   [Kremote: Counting objects:  21% (25/119)   [Kremote: Counting objects:  22% (27/119)   [Kremote: Counting objects:  23% (28/119)   [Kremote: Counting objects:  24% (29/119)   [Kremote: Counting objects:  25% (30/119)   [Kremote: Counting objects:  26% (31/119)   [Kremote: Counting objects:  27% (33/119)   [Kremote: Counting objects:  28% (34/119)   [Kremote: Counting objects:  29% (35/119)   [Kremote: Counting objects:  30% (36/119)   [Kremote: Counting objects:  31% (37/119)   [Kremote: Counting objects:  32% (39/119)   [Kremote: Counting objects:  33% (40/119)   [Kremote: Counting objects:  34% (41/119)   [Kremote: Counting objects:  35% (42/119)   [Kremote: Counting objects:  36% (43/119)   [Kremote: Counting objects:  37% (45/119)   [Kremote: Counting objects:  38% (46/119)   [Kremote: Counting objects:  39% (47/119)   [Kremote: Counting objects:  40% (48/119)   [Kremote: Counting objects:  41% (49/119)   [Kremote: Counting objects:  42% (50/119)   [Kremote: Counting objects:  43% (52/119)   [Kremote: Counting objects:  44% (53/119)   [Kremote: Counting objects:  45% (54/119)   [Kremote: Counting objects:  46% (55/119)   [Kremote: Counting objects:  47% (56/119)   [Kremote: Counting objects:  48% (58/119)   [Kremote: Counting objects:  49% (59/119)   [Kremote: Counting objects:  50% (60/119)   [Kremote: Counting objects:  51% (61/119)   [Kremote: Counting objects:  52% (62/119)   [Kremote: Counting objects:  53% (64/119)   [Kremote: Counting objects:  54% (65/119)   [Kremote: Counting objects:  55% (66/119)   [Kremote: Counting objects:  56% (67/119)   [Kremote: Counting objects:  57% (68/119)   [Kremote: Counting objects:  58% (70/119)   [Kremote: Counting objects:  59% (71/119)   [Kremote: Counting objects:  60% (72/119)   [Kremote: Counting objects:  61% (73/119)   [Kremote: Counting objects:  62% (74/119)   [Kremote: Counting objects:  63% (75/119)   [Kremote: Counting objects:  64% (77/119)   [Kremote: Counting objects:  65% (78/119)   [Kremote: Counting objects:  66% (79/119)   [Kremote: Counting objects:  67% (80/119)   [Kremote: Counting objects:  68% (81/119)   [Kremote: Counting objects:  69% (83/119)   [Kremote: Counting objects:  70% (84/119)   [Kremote: Counting objects:  71% (85/119)   [Kremote: Counting objects:  72% (86/119)   [Kremote: Counting objects:  73% (87/119)   [Kremote: Counting objects:  74% (89/119)   [Kremote: Counting objects:  75% (90/119)   [Kremote: Counting objects:  76% (91/119)   [Kremote: Counting objects:  77% (92/119)   [Kremote: Counting objects:  78% (93/119)   [Kremote: Counting objects:  79% (95/119)   [Kremote: Counting objects:  80% (96/119)   [Kremote: Counting objects:  81% (97/119)   [Kremote: Counting objects:  82% (98/119)   [Kremote: Counting objects:  83% (99/119)   [Kremote: Counting objects:  84% (100/119)   [Kremote: Counting objects:  85% (102/119)   [Kremote: Counting objects:  86% (103/119)   [Kremote: Counting objects:  87% (104/119)   [Kremote: Counting objects:  88% (105/119)   [Kremote: Counting objects:  89% (106/119)   [Kremote: Counting objects:  90% (108/119)   [Kremote: Counting objects:  91% (109/119)   [Kremote: Counting objects:  92% (110/119)   [Kremote: Counting objects:  93% (111/119)   [Kremote: Counting objects:  94% (112/119)   [Kremote: Counting objects:  95% (114/119)   [Kremote: Counting objects:  96% (115/119)   [Kremote: Counting objects:  97% (116/119)   [Kremote: Counting objects:  98% (117/119)   [Kremote: Counting objects:  99% (118/119)   [Kremote: Counting objects: 100% (119/119)   [Kremote: Counting objects: 100% (119/119), done.[K
remote: Compressing objects:   1% (1/89)   [Kremote: Compressing objects:   2% (2/89)   [Kremote: Compressing objects:   3% (3/89)   [Kremote: Compressing objects:   4% (4/89)   [Kremote: Compressing objects:   5% (5/89)   [Kremote: Compressing objects:   6% (6/89)   [Kremote: Compressing objects:   7% (7/89)   [Kremote: Compressing objects:   8% (8/89)   [Kremote: Compressing objects:  10% (9/89)   [Kremote: Compressing objects:  11% (10/89)   [Kremote: Compressing objects:  12% (11/89)   [Kremote: Compressing objects:  13% (12/89)   [Kremote: Compressing objects:  14% (13/89)   [Kremote: Compressing objects:  15% (14/89)   [Kremote: Compressing objects:  16% (15/89)   [Kremote: Compressing objects:  17% (16/89)   [Kremote: Compressing objects:  19% (17/89)   [Kremote: Compressing objects:  20% (18/89)   [Kremote: Compressing objects:  21% (19/89)   [Kremote: Compressing objects:  22% (20/89)   [Kremote: Compressing objects:  23% (21/89)   [Kremote: Compressing objects:  24% (22/89)   [Kremote: Compressing objects:  25% (23/89)   [Kremote: Compressing objects:  26% (24/89)   [Kremote: Compressing objects:  28% (25/89)   [Kremote: Compressing objects:  29% (26/89)   [Kremote: Compressing objects:  30% (27/89)   [Kremote: Compressing objects:  31% (28/89)   [Kremote: Compressing objects:  32% (29/89)   [Kremote: Compressing objects:  33% (30/89)   [Kremote: Compressing objects:  34% (31/89)   [Kremote: Compressing objects:  35% (32/89)   [Kremote: Compressing objects:  37% (33/89)   [Kremote: Compressing objects:  38% (34/89)   [Kremote: Compressing objects:  39% (35/89)   [Kremote: Compressing objects:  40% (36/89)   [Kremote: Compressing objects:  41% (37/89)   [Kremote: Compressing objects:  42% (38/89)   [Kremote: Compressing objects:  43% (39/89)   [Kremote: Compressing objects:  44% (40/89)   [Kremote: Compressing objects:  46% (41/89)   [Kremote: Compressing objects:  47% (42/89)   [Kremote: Compressing objects:  48% (43/89)   [Kremote: Compressing objects:  49% (44/89)   [Kremote: Compressing objects:  50% (45/89)   [Kremote: Compressing objects:  51% (46/89)   [Kremote: Compressing objects:  52% (47/89)   [Kremote: Compressing objects:  53% (48/89)   [Kremote: Compressing objects:  55% (49/89)   [Kremote: Compressing objects:  56% (50/89)   [Kremote: Compressing objects:  57% (51/89)   [Kremote: Compressing objects:  58% (52/89)   [Kremote: Compressing objects:  59% (53/89)   [Kremote: Compressing objects:  60% (54/89)   [Kremote: Compressing objects:  61% (55/89)   [Kremote: Compressing objects:  62% (56/89)   [Kremote: Compressing objects:  64% (57/89)   [Kremote: Compressing objects:  65% (58/89)   [Kremote: Compressing objects:  66% (59/89)   [Kremote: Compressing objects:  67% (60/89)   [Kremote: Compressing objects:  68% (61/89)   [Kremote: Compressing objects:  69% (62/89)   [Kremote: Compressing objects:  70% (63/89)   [Kremote: Compressing objects:  71% (64/89)   [Kremote: Compressing objects:  73% (65/89)   [Kremote: Compressing objects:  74% (66/89)   [Kremote: Compressing objects:  75% (67/89)   [Kremote: Compressing objects:  76% (68/89)   [Kremote: Compressing objects:  77% (69/89)   [Kremote: Compressing objects:  78% (70/89)   [Kremote: Compressing objects:  79% (71/89)   [Kremote: Compressing objects:  80% (72/89)   [Kremote: Compressing objects:  82% (73/89)   [Kremote: Compressing objects:  83% (74/89)   [Kremote: Compressing objects:  84% (75/89)   [Kremote: Compressing objects:  85% (76/89)   [Kremote: Compressing objects:  86% (77/89)   [Kremote: Compressing objects:  87% (78/89)   [Kremote: Compressing objects:  88% (79/89)   [Kremote: Compressing objects:  89% (80/89)   [Kremote: Compressing objects:  91% (81/89)   [Kremote: Compressing objects:  92% (82/89)   [Kremote: Compressing objects:  93% (83/89)   [Kremote: Compressing objects:  94% (84/89)   [Kremote: Compressing objects:  95% (85/89)   [Kremote: Compressing objects:  96% (86/89)   [Kremote: Compressing objects:  97% (87/89)   [Kremote: Compressing objects:  98% (88/89)   [Kremote: Compressing objects: 100% (89/89)   [Kremote: Compressing objects: 100% (89/89), done.[K
Unpacking objects:   1% (1/91)   Unpacking objects:   2% (2/91)   Unpacking objects:   3% (3/91)   Unpacking objects:   4% (4/91)   Unpacking objects:   5% (5/91)   Unpacking objects:   6% (6/91)   Unpacking objects:   7% (7/91)   Unpacking objects:   8% (8/91)   Unpacking objects:   9% (9/91)   Unpacking objects:  10% (10/91)   Unpacking objects:  12% (11/91)   Unpacking objects:  13% (12/91)   Unpacking objects:  14% (13/91)   Unpacking objects:  15% (14/91)   Unpacking objects:  16% (15/91)   Unpacking objects:  17% (16/91)   Unpacking objects:  18% (17/91)   Unpacking objects:  19% (18/91)   Unpacking objects:  20% (19/91)   Unpacking objects:  21% (20/91)   Unpacking objects:  23% (21/91)   Unpacking objects:  24% (22/91)   Unpacking objects:  25% (23/91)   Unpacking objects:  26% (24/91)   Unpacking objects:  27% (25/91)   Unpacking objects:  28% (26/91)   Unpacking objects:  29% (27/91)   Unpacking objects:  30% (28/91)   Unpacking objects:  31% (29/91)   Unpacking objects:  32% (30/91)   Unpacking objects:  34% (31/91)   Unpacking objects:  35% (32/91)   Unpacking objects:  36% (33/91)   Unpacking objects:  37% (34/91)   Unpacking objects:  38% (35/91)   Unpacking objects:  39% (36/91)   Unpacking objects:  40% (37/91)   Unpacking objects:  41% (38/91)   Unpacking objects:  42% (39/91)   Unpacking objects:  43% (40/91)   Unpacking objects:  45% (41/91)   Unpacking objects:  46% (42/91)   Unpacking objects:  47% (43/91)   Unpacking objects:  48% (44/91)   Unpacking objects:  49% (45/91)   Unpacking objects:  50% (46/91)   Unpacking objects:  51% (47/91)   Unpacking objects:  52% (48/91)   Unpacking objects:  53% (49/91)   Unpacking objects:  54% (50/91)   Unpacking objects:  56% (51/91)   Unpacking objects:  57% (52/91)   Unpacking objects:  58% (53/91)   Unpacking objects:  59% (54/91)   Unpacking objects:  60% (55/91)   Unpacking objects:  61% (56/91)   Unpacking objects:  62% (57/91)   Unpacking objects:  63% (58/91)   Unpacking objects:  64% (59/91)   Unpacking objects:  65% (60/91)   Unpacking objects:  67% (61/91)   Unpacking objects:  68% (62/91)   Unpacking objects:  69% (63/91)   Unpacking objects:  70% (64/91)   Unpacking objects:  71% (65/91)   Unpacking objects:  72% (66/91)   Unpacking objects:  73% (67/91)   Unpacking objects:  74% (68/91)   Unpacking objects:  75% (69/91)   Unpacking objects:  76% (70/91)   Unpacking objects:  78% (71/91)   Unpacking objects:  79% (72/91)   Unpacking objects:  80% (73/91)   remote: Total 91 (delta 43), reused 0 (delta 0)[K
Unpacking objects:  81% (74/91)   Unpacking objects:  82% (75/91)   Unpacking objects:  83% (76/91)   Unpacking objects:  84% (77/91)   Unpacking objects:  85% (78/91)   Unpacking objects:  86% (79/91)   Unpacking objects:  87% (80/91)   Unpacking objects:  89% (81/91)   Unpacking objects:  90% (82/91)   Unpacking objects:  91% (83/91)   Unpacking objects:  92% (84/91)   Unpacking objects:  93% (85/91)   Unpacking objects:  94% (86/91)   Unpacking objects:  95% (87/91)   Unpacking objects:  96% (88/91)   Unpacking objects:  97% (89/91)   Unpacking objects:  98% (90/91)   Unpacking objects: 100% (91/91)   Unpacking objects: 100% (91/91), done.
From ssh://remote.cs.binghamton.edu/~umrigar/git-repos/cs220
   4490608..e251730  master     -> origin/master
Updating 4490608..e251730
Fast-forward
 announce.html                         |   94 [32m++[m[31m-[m
 announce.umt                          |  124 [32m++++[m
 index.html                            |   70 [32m+[m[31m-[m
 index.umt                             |  125 [32m+[m[31m---[m
 labs/index.html                       |   20 [32m+[m[31m-[m
 labs/index.umt                        |   10 [32m+[m[31m-[m
 labs/lab9/Makefile                    |   32 [32m+[m
 labs/lab9/files/.gitignore            |    3 [32m+[m
 labs/lab9/files/Makefile              |   11 [32m+[m
 labs/lab9/files/hello.c               |   24 [32m+[m
 labs/lab9/files/mystery.o             |  Bin [31m0[m -> [32m3104[m bytes
 labs/lab9/lab9.html                   |  213 [32m++++++[m
 labs/lab9/lab9.pdf                    |  Bin [31m0[m -> [32m82659[m bytes
 labs/lab9/lab9.umt                    |  307 [32m+++++++++[m
 slides/x86/code/abs-diff.c            |    2 [32m+[m[31m-[m
 slides/x86/code/abs-diff.s            |   35 [32m+[m[31m-[m
 slides/x86/code/cmp-sets.c            |    2 [32m+[m[31m-[m
 slides/x86/code/cmp-sets.s            |   27 [32m+[m[31m-[m
 slides/x86/code/fact-do-while.c       |    4 [32m+[m[31m-[m
 slides/x86/code/fact-do-while.s       |   16 [32m+[m[31m-[m
 slides/x86/code/fact-while-O0.s       |   26 [31m-[m
 slides/x86/code/fact-while.c          |    4 [32m+[m[31m-[m
 slides/x86/code/fact-while.s          |   23 [32m+[m[31m-[m
 slides/x86/code/indirect-goto.c       |    6 [32m+[m[31m-[m
 slides/x86/code/indirect-goto.s       |   12 [32m+[m[31m-[m
 slides/x86/code/mstore/mstore-intel.s |   22 [32m+[m
 slides/x86/code/scale.c               |    6 [32m+[m
 slides/x86/code/scale.s               |   17 [32m+[m
 slides/x86/code/sum-dist-origin-s.c   |   34 [32m+[m
 slides/x86/code/sum-dist-origin.c     |   15 [32m+[m
 slides/x86/code/sum-dist-origin.s     |   57 [32m++[m
 slides/x86/code/sum.c                 |    2 [32m+[m[31m-[m
 slides/x86/code/sum.s                 |   29 [32m+[m[31m-[m
 slides/x86/figs/call-ret.png          |  Bin [31m0[m -> [32m4984[m bytes
 slides/x86/figs/fact-frame.png        |  Bin [31m0[m -> [32m4722[m bytes
 slides/x86/figs/stack-frame.png       |  Bin [31m0[m -> [32m9772[m bytes
 slides/x86/figs/stack-ops.gif         |  Bin [31m12458[m -> [32m0[m bytes
 slides/x86/figs/stack.png             |  Bin [31m0[m -> [32m10338[m bytes
 slides/x86/figs/swap-frame.png        |  Bin [31m0[m -> [32m8590[m bytes
 slides/x86/figs/x86-alt-regs.png      |  Bin [31m0[m -> [32m5459[m bytes
 slides/x86/figs/x86-regs.png          |  Bin [31m0[m -> [32m7874[m bytes
 slides/x86/figs/x86-seg-regs.png      |  Bin [31m0[m -> [32m8039[m bytes
 slides/x86/x86.html                   |  433 [32m+++++++++++[m[31m-[m
 slides/x86/x86.pdf                    |  Bin [31m198325[m -> [32m331230[m bytes
 slides/x86/x86.umt                    | 1765 [32m++++++++++++++++++++++[m[31m-------------------------[m
 45 files changed, 2289 insertions(+), 1281 deletions(-)
 create mode 100755 labs/lab9/Makefile
 create mode 100644 labs/lab9/files/.gitignore
 create mode 100644 labs/lab9/files/Makefile
 create mode 100644 labs/lab9/files/hello.c
 create mode 100644 labs/lab9/files/mystery.o
 create mode 100644 labs/lab9/lab9.html
 create mode 100644 labs/lab9/lab9.pdf
 create mode 100644 labs/lab9/lab9.umt
 delete mode 100644 slides/x86/code/fact-while-O0.s
 create mode 100644 slides/x86/code/mstore/mstore-intel.s
 create mode 100644 slides/x86/code/scale.c
 create mode 100644 slides/x86/code/scale.s
 create mode 100644 slides/x86/code/sum-dist-origin-s.c
 create mode 100644 slides/x86/code/sum-dist-origin.c
 create mode 100644 slides/x86/code/sum-dist-origin.s
 create mode 100644 slides/x86/figs/call-ret.png
 create mode 100644 slides/x86/figs/fact-frame.png
 create mode 100644 slides/x86/figs/stack-frame.png
 delete mode 100644 slides/x86/figs/stack-ops.gif
 create mode 100644 slides/x86/figs/stack.png
 create mode 100644 slides/x86/figs/swap-frame.png
 create mode 100644 slides/x86/figs/x86-alt-regs.png
 create mode 100644 slides/x86/figs/x86-regs.png
 create mode 100644 slides/x86/figs/x86-seg-regs.png
rimai1@g7-34:~/git-repos/cs220/labs$ ks[K[Kls
index.html  lab1  lab3	lab5  lab7  lab9      Makefile
index.umt   lab2  lab4	lab6  lab8  lab-tips
rimai1@g7-34:~/git-repos/cs220/labs$ cd 
rimai1@g7-34:~$ 
rimai1@g7-34:~$ cd git-repos/i200[K[K20b.[K/o[Kwork/lab9
rimai1@g7-34:~/git-repos/i220b/work/lab9$ ls
lab9.log
rimai1@g7-34:~/git-repos/i220b/work/lab9$ s[Kcd -r [K[K[K[K[Kp -r ~/gitr-[K[K-repos/cs220/labs/lab9/files/* .
rimai1@g7-34:~/git-repos/i220b/work/lab9$ l
bash: l: command not found
rimai1@g7-34:~/git-repos/i220b/work/lab9$ s[Kls
hello.c  lab9.log  Makefile  mystery.o
rimai1@g7-34:~/git-repos/i220b/work/lab9$ gedit hello.c
rimai1@g7-34:~/git-repos/i220b/work/lab9$ make
cc -g -Wall  -std=c11    hello.c   -o hello
cc -g -Wall  -std=c11 -S hello.c
rimai1@g7-34:~/git-repos/i220b/work/lab9$ ./hello
usage: ./hello NAME...
rimai1@g7-34:~/git-repos/i220b/work/lab9$ ./e[Khello it's
> me
> mair[K[Krio
> 
> D[Kbash: unexpected EOF while looking for matching `''
bash: syntax error: unexpected end of file
rimai1@g7-34:~/git-repos/i220b/work/lab9$ ./hello it's
me
mario

[A[A[A[A[C[C[C[C[C[C[C[C[C[C[C[C[C[C[C[C[C[C[C[C[C[C[C[C[C[C[C[C[C[C[C[C[C[C[C[C[C[C[C[C[C[C[C[C[C[C[C[C[C[K
[K
[K
[K
[K[A[A[A[A[C[C[C[C[C[C[C[C[C[C[C[C[C[C[C[C[C[C[C[C[C[C[C[C[C[C[C[C[C[C[C[C[C[C[C[C[C[C[C[C[C[C[C[C[C[C[C[C[C[3Pmake./hello
usage: ./hello NAME...
rimai1@g7-34:~/git-repos/i220b/work/lab9$ ./hello rei
hello rei
rimai1@g7-34:~/git-repos/i220b/work/lab9$ ./hello rei imai
hello rei
hello imai
rimai1@g7-34:~/git-repos/i220b/work/lab9$ size hello
   text	   data	    bss	    dec	    hex	filename
   1874	    592	     48	   2514	    9d2	hello
rimai1@g7-34:~/git-repos/i220b/work/lab9$ g[Kgwd[K[Kedit lab0[K9_output.txt

(gedit:6931): Gtk-[1;33mWARNING[0m **: [34m15:08:06.429[0m: Calling org.xfce.Session.Manager.Inhibit failed: GDBus.Error:org.freedesktop.DBus.Error.UnknownMethod: Method "Inhibit" with signature "susu" on interface "org.xfce.Session.Manager" doesn't exist

^C
rimai1@g7-34:~/git-repos/i220b/work/lab9$ gedit lab9_output.txt &
[1] 7150
rimai1@g7-34:~/git-repos/i220b/work/lab9$ 
(gedit:7150): Gtk-[1;33mWARNING[0m **: [34m15:09:12.094[0m: Calling org.xfce.Session.Manager.Inhibit failed: GDBus.Error:org.freedesktop.DBus.Error.UnknownMethod: Method "Inhibit" with signature "susu" on interface "org.xfce.Session.Manager" doesn't exist


rimai1@g7-34:~/git-repos/i220b/work/lab9$ sizw[Ke a[K-A hello
hello  :
section              size    addr
.interp                28     680
.note.ABI-tag          32     708
.note.gnu.build-id     36     740
.gnu.hash              48     776
.dynsym               240     824
.dynstr               152    1064
.gnu.version           20    1216
.gnu.version_r         32    1240
.rela.dyn             240    1272
.rela.plt              48    1512
.init                  23    4096
.plt                   48    4128
.plt.got                8    4176
.text                 513    4192
.fini                   9    4708
.rodata                33    8192
.eh_frame_hdr          68    8228
.eh_frame             296    8296
.init_array             8   15848
.fini_array             8   15856
.dynamic              480   15864
.got                   40   16344
.got.plt               40   16384
.data                  16   16424
.bss                   48   16448
.comment               28       0
.debug_aranges         48       0
.debug_info           860       0
.debug_abbrev         287       0
.debug_line           308       0
.debug_str            594       0
Total                4639


rimai1@g7-34:~/git-repos/i220b/work/lab9$ obju[Kdump -d hello > hello.objdump
rimai1@g7-34:~/git-repos/i220b/work/lab9$ ls
hello  hello.c	hello.objdump  hello.s	lab9.log  lab9_output.txt  Makefile  mystery.o
rimai1@g7-34:~/git-repos/i220b/work/lab9$ he[K[Kgedit ge[K[Kge[K[Khello.objdump
rimai1@g7-34:~/git-repos/i220b/work/lab9$ objdump -d -s -x hello > hello.objdump
rimai1@g7-34:~/git-repos/i220b/work/lab9$ g[Kobjdump -d -s -x hello > hello.objdump[19Pgedit[C[C[C[C[C[C[C[C[C[C[C[C[C[C
rimai1@g7-34:~/git-repos/i220b/work/lab9$ objdump -d hello | grep -A40 main [K. [K:
0000000000001174 <main>:
    1174:	55                   	push   %rbp
    1175:	48 89 e5             	mov    %rsp,%rbp
    1178:	48 83 ec 20          	sub    $0x20,%rsp
    117c:	89 7d ec             	mov    %edi,-0x14(%rbp)
    117f:	48 89 75 e0          	mov    %rsi,-0x20(%rbp)
    1183:	83 7d ec 01          	cmpl   $0x1,-0x14(%rbp)
    1187:	75 2c                	jne    11b5 <main+0x41>
    1189:	48 8b 45 e0          	mov    -0x20(%rbp),%rax
    118d:	48 8b 10             	mov    (%rax),%rdx
    1190:	48 8b 05 c9 2e 00 00 	mov    0x2ec9(%rip),%rax        # 4060 <stderr@@GLIBC_2.2.5>
    1197:	48 8d 35 70 0e 00 00 	lea    0xe70(%rip),%rsi        # 200e <_IO_stdin_used+0xe>
    119e:	48 89 c7             	mov    %rax,%rdi
    11a1:	b8 00 00 00 00       	mov    $0x0,%eax
    11a6:	e8 85 fe ff ff       	callq  1030 <fprintf@plt>
    11ab:	bf ef be ad de       	mov    $0xdeadbeef,%edi
    11b0:	e8 8b fe ff ff       	callq  1040 <exit@plt>
    11b5:	c7 45 fc 01 00 00 00 	movl   $0x1,-0x4(%rbp)
    11bc:	eb 2d                	jmp    11eb <main+0x77>
    11be:	8b 45 fc             	mov    -0x4(%rbp),%eax
    11c1:	48 98                	cltq   
    11c3:	48 8d 14 c5 00 00 00 	lea    0x0(,%rax,8),%rdx
    11ca:	00 
    11cb:	48 8b 45 e0          	mov    -0x20(%rbp),%rax
    11cf:	48 01 d0             	add    %rdx,%rax
    11d2:	48 8b 10             	mov    (%rax),%rdx
    11d5:	48 8b 05 64 2e 00 00 	mov    0x2e64(%rip),%rax        # 4040 <stdout@@GLIBC_2.2.5>
    11dc:	48 89 d6             	mov    %rdx,%rsi
    11df:	48 89 c7             	mov    %rax,%rdi
    11e2:	e8 5e ff ff ff       	callq  1145 <hello>
    11e7:	83 45 fc 01          	addl   $0x1,-0x4(%rbp)
    11eb:	8b 45 fc             	mov    -0x4(%rbp),%eax
    11ee:	3b 45 ec             	cmp    -0x14(%rbp),%eax
    11f1:	7c cb                	jl     11be <main+0x4a>
    11f3:	b8 00 00 00 00       	mov    $0x0,%eax
    11f8:	c9                   	leaveq 
    11f9:	c3                   	retq   
    11fa:	66 0f 1f 44 00 00    	nopw   0x0(%rax,%rax,1)

0000000000001200 <__libc_csu_init>:
    1200:	41 57                	push   %r15
rimai1@g7-34:~/git-repos/i220b/work/lab9$ la[Ks -l hello
-rwxr-xr-x 1 rimai1 rimai1 19376 Oct 17 15:04 hello
rimai1@g7-34:~/git-repos/i220b/work/lab9$ strip hello
rimai1@g7-34:~/git-repos/i220b/work/lab9$ ;s[K[Kls
hello  hello.c	hello.objdump  hello.s	lab9.log  lab9_output.txt  Makefile  mystery.o
rimai1@g7-34:~/git-repos/i220b/work/lab9$ ls -l
total 116
-rwxr-xr-x 1 rimai1 rimai1 14416 Oct 17 15:21 hello
-rw-r--r-- 1 rimai1 rimai1   440 Oct 17 15:03 hello.c
-rw-r--r-- 1 rimai1 rimai1 41515 Oct 17 15:18 hello.objdump
-rw-r--r-- 1 rimai1 rimai1 13483 Oct 17 15:04 hello.s
-rw-r--r-- 1 rimai1 rimai1 24576 Oct 17 15:21 lab9.log
-rw-r--r-- 1 rimai1 rimai1    73 Oct 17 15:13 lab9_output.txt
-rw-r--r-- 1 rimai1 rimai1   141 Oct 17 15:03 Makefile
-rw-r--r-- 1 rimai1 rimai1  3104 Oct 17 15:03 mystery.o
rimai1@g7-34:~/git-repos/i220b/work/lab9$ ,al e[K[K[K[K[Kmake clean
rm -f hello hello.s *.objdump *~
rimai1@g7-34:~/git-repos/i220b/work/lab9$ ls
hello.c  lab9.log  lab9_output.txt  Makefile  mystery.o
rimai1@g7-34:~/git-repos/i220b/work/lab9$ b[Kge[K[Kg[Kedit [Kged[K[K[K[K[K[K[Kgedit mystery.o
rimai1@g7-34:~/git-repos/i220b/work/lab9$ size mystery
size: 'mystery': No such file
rimai1@g7-34:~/git-repos/i220b/work/lab9$ up for subsequent exercises using make clean.
bash: up: command not found
rimai1@g7-34:~/git-repos/i220b/work/lab9$ 
rimai1@g7-34:~/git-repos/i220b/work/lab9$ size mystery.o
   text	   data	    bss	    dec	    hex	filename
     73	      0	      0	     73	     49	mystery.o
rimai1@g7-34:~/git-repos/i220b/work/lab9$ size -A mystery.o
mystery.o  :
section           size   addr
.text               17      0
.data                0      0
.bss                 0      0
.debug_abbrev       71      0
.debug_info        103      0
.debug_line         61      0
.debug_loc          96      0
.debug_pubnames     30      0
.debug_aranges      48      0
.debug_str          84      0
.comment            43      0
.note.GNU-stack      0      0
.eh_frame           56      0
Total              609


rimai1@g7-34:~/git-repos/i220b/work/lab9$ objdump -d mystery.o > mystery.objdump
rimai1@g7-34:~/git-repos/i220b/work/lab9$ gedit ms[Kystery.objn[Kdump
rimai1@g7-34:~/git-repos/i220b/work/lab9$ objd[Kdump -d -s -x mystery.o > mystery.objdump
rimai1@g7-34:~/git-repos/i220b/work/lab9$ gei[Kdit mystery.objdump
rimai1@g7-34:~/git-repos/i220b/work/lab9$ objdump -d mystery.o[Ko | grep -A10[K[K10 mystery.:
0000000000000000 <mystery>:
   0:	55                   	push   %rbp
   1:	48 89 e5             	mov    %rsp,%rbp
   4:	89 7d fc             	mov    %edi,-0x4(%rbp)
   7:	8b 45 fc             	mov    -0x4(%rbp),%eax
   a:	25 ff ff 7f 00       	and    $0x7fffff,%eax
   f:	c9                   	leaveq 
  10:	c3                   	retq   
rimai1@g7-34:~/git-repos/i220b/work/lab9$ ls -l mystery.o
-rw-r--r-- 1 rimai1 rimai1 3104 Oct 17 15:03 mystery.o
rimai1@g7-34:~/git-repos/i220b/work/lab9$ strip hello[K[K[K[K[Kmystery.o
rimai1@g7-34:~/git-repos/i220b/work/lab9$ ks -[K[K[Ks[K[Kls -l mystery,[K.o
-rw-r--r-- 1 rimai1 rimai1 760 Oct 17 15:30 mystery.o
rimai1@g7-34:~/git-repos/i220b/work/lab9$ mk[Kake 
cc -g -Wall  -std=c11    hello.c   -o hello
cc -g -Wall  -std=c11 -S hello.c
rimai1@g7-34:~/git-repos/i220b/work/lab9$ gdb hll[K[Kello
GNU gdb (Debian 8.2.1-2) 8.2.1
Copyright (C) 2018 Free Software Foundation, Inc.
License GPLv3+: GNU GPL version 3 or later <http://gnu.org/licenses/gpl.html>
This is free software: you are free to change and redistribute it.
There is NO WARRANTY, to the extent permitted by law.
Type "show copying" and "show warranty" for details.
This GDB was configured as "x86_64-linux-gnu".
Type "show configuration" for configuration details.
For bug reporting instructions, please see:
<http://www.gnu.org/software/gdb/bugs/>.
Find the GDB manual and other documentation resources online at:
    <http://www.gnu.org/software/gdb/documentation/>.

For help, type "help".
Type "apropos word" to search for commands related to "word"...
Reading symbols from hello...done.
(gdb) b mi[Kain [K
Breakpoint 1 at 0x1183: file hello.c, line 16.
(gdb) r
Starting program: /import/linux/home1/rimai1/git-repos/i220b/work/lab9/hello 

Breakpoint 1, main (argc=1, argv=0x7fffffffe7c8) at hello.c:16
16	  if (argc == 1) {
(gdb) disas /m
Dump of assembler code for function main:
15	{
   0x0000555555555174 <+0>:	push   %rbp
   0x0000555555555175 <+1>:	mov    %rsp,%rbp
   0x0000555555555178 <+4>:	sub    $0x20,%rsp
   0x000055555555517c <+8>:	mov    %edi,-0x14(%rbp)
   0x000055555555517f <+11>:	mov    %rsi,-0x20(%rbp)

16	  if (argc == 1) {
=> 0x0000555555555183 <+15>:	cmpl   $0x1,-0x14(%rbp)
   0x0000555555555187 <+19>:	jne    0x5555555551b5 <main+65>

17	    fprintf(stderr, "usage: %s NAME...\n", argv[0]);
   0x0000555555555189 <+21>:	mov    -0x20(%rbp),%rax
   0x000055555555518d <+25>:	mov    (%rax),%rdx
   0x0000555555555190 <+28>:	mov    0x2ec9(%rip),%rax        # 0x555555558060 <stderr@@GLIBC_2.2.5>
   0x0000555555555197 <+35>:	lea    0xe70(%rip),%rsi        # 0x55555555600e
   0x000055555555519e <+42>:	mov    %rax,%rdi
   0x00005555555551a1 <+45>:	mov    $0x0,%eax
   0x00005555555551a6 <+50>:	callq  0x555555555030 <fprintf@plt>

--Type <RET> for more, q to quit, c to continue without paging--q
Quit
(gdb) i reg
rax            0x555555555174      93824992235892
rbx            0x0                 0
rcx            0x7ffff7f91718      140737353684760
rdx            0x7fffffffe7d8      140737488349144
rsi            0x7fffffffe7c8      140737488349128
rdi            0x1                 1
rbp            0x7fffffffe6e0      0x7fffffffe6e0
rsp            0x7fffffffe6c0      0x7fffffffe6c0
r8             0x7ffff7f92d80      140737353690496
r9             0x7ffff7f92d80      140737353690496
r10            0x7                 7
r11            0x2                 2
r12            0x555555555060      93824992235616
r13            0x7fffffffe7c0      140737488349120
r14            0x0                 0
r15            0x0                 0
rip            0x555555555183      0x555555555183 <main+15>
eflags         0x206               [ PF IF ]
cs             0x33                51
ss             0x2b                43
ds             0x0                 0
es             0x0                 0
--Type <RET> for more, q to quit, c to continue without paging--q
Quit
(gdb) p argc
$1 = 1
(gdb) rbp - 20[K[K[K[K[K[K[K[Kp *()r)[1P)$)r)p)[1P)b)p) )-) )2)0)
Attempt to dereference a generic pointer.
(gdb) p *()i)n)t) )*)[C()$)r)b)p) )-) )2)0)[C
$2 = 1
(gdb) p arv[Kgv
$3 = (const char **) 0x7fffffffe7c8
(gdb) p *()c)o)n)s)t) )c)h)a)r) )*)*)*)[C()$)r)b)p) )-) )3)2)
$4 = (const char **) 0x7fffffffe7c8
(gdb) p argc[Kv[0]
$5 = 0x7fffffffeaa6 "/import/linux/home1/rimai1/git-repos/i220b/work/lab9/hello"
(gdb) p ()*)()c)o)n)s)t) )c)h)a)r) )*)*)*)[C)()[C)&))[1P))$))r))b))p)) ))-)) ))0))x))2))0))[C[C[0]
$6 = 0x7fffffffeaa6 "/import/linux/home1/rimai1/git-repos/i220b/work/lab9/hello"
(gdb) display /i *$px[Kc
1: x/i *$pc
=> 0x555555555183 <main+15>:	cmpl   $0x1,-0x14(%rbp)
(gdb) p $eflags
$7 = [ PF IF ]
(gdb) ni
0x0000555555555187	16	  if (argc == 1) {
1: x/i *$pc
=> 0x555555555187 <main+19>:	jne    0x5555555551b5 <main+65>
(gdb) p $eflags
$8 = [ PF ZF IF ]
(gdb) jne
Undefined command: "jne".  Try "help".
(gdb) bu[K[Kni
17	    fprintf(stderr, "usage: %s NAME...\n", argv[0]);
1: x/i *$pc
=> 0x555555555189 <main+21>:	mov    -0x20(%rbp),%rax
(gdb) p ()c)h)a)r) )*)[C0x555555555189
$9 = 0x555555555189 <main+21> "H\213E\340H\213\020H\213\005\311."
(gdb) 
$10 = 0x555555555189 <main+21> "H\213E\340H\213\020H\213\005\311."
(gdb) 
$11 = 0x555555555189 <main+21> "H\213E\340H\213\020H\213\005\311."
(gdb) ni
0x000055555555518d	17	    fprintf(stderr, "usage: %s NAME...\n", argv[0]);
1: x/i *$pc
=> 0x55555555518d <main+25>:	mov    (%rax),%rdx
(gdb) ni
0x0000555555555190	17	    fprintf(stderr, "usage: %s NAME...\n", argv[0]);
1: x/i *$pc
=> 0x555555555190 <main+28>:	
    mov    0x2ec9(%rip),%rax        # 0x555555558060 <stderr@@GLIBC_2.2.5>
(gdb) 
0x0000555555555197	17	    fprintf(stderr, "usage: %s NAME...\n", argv[0]);
1: x/i *$pc
=> 0x555555555197 <main+35>:	lea    0xe70(%rip),%rsi        # 0x55555555600e
(gdb) c[Ks[Kp ()c)h)a)r) )*)[C0x5555555555[K[K[K[K[K[K[K55555600e
$12 = 0x55555555600e "usage: %s NAME...\n"
(gdb) 
$13 = 0x55555555600e "usage: %s NAME...\n"
(gdb) 
$14 = 0x55555555600e "usage: %s NAME...\n"
(gdb) ni
0x000055555555519e	17	    fprintf(stderr, "usage: %s NAME...\n", argv[0]);
1: x/i *$pc
=> 0x55555555519e <main+42>:	mov    %rax,%rdi
(gdb) 
0x00005555555551a1	17	    fprintf(stderr, "usage: %s NAME...\n", argv[0]);
1: x/i *$pc
=> 0x5555555551a1 <main+45>:	mov    $0x0,%eax
(gdb) 
0x00005555555551a6	17	    fprintf(stderr, "usage: %s NAME...\n", argv[0]);
1: x/i *$pc
=> 0x5555555551a6 <main+50>:	callq  0x555555555030 <fprintf@plt>
(gdb) c[Kc[Kp()[K[K ()c)a)h)r) )*)[C()$)r)d)i)[C
No symbol "cahr" in current context.
(gdb) p (cahr *)($rdi)[1P[C[1@a
$15 = 0x7ffff7f92680 <_IO_2_1_stderr_> "\206 \255", <incomplete sequence \373>
(gdb) p ()c)h)a)r) )*) )[1P)[C()[1P)[C[K0x55555555519e
$16 = 0x55555555519e <main+42> "H\211Ç¸"
(gdb) p *()c)o)n)s)t) )c)h)a)r) )*)*)[C()%)r)d)i)
A syntax error in expression, near `%rdi)'.
(gdb) p *(const char **)(%rdi)[K[K[K[K[K[K[K[K[K[K[K[K[K[K[K[K[K[K[K[K[K[K()c)h)a)r) )*)[C()$)r)x)d)i)[1P)[1P)[1P)d)i)
$17 = 0x7ffff7f92680 <_IO_2_1_stderr_> "\206 \255", <incomplete sequence \373>
(gdb) p (char *)($rdi)[K[K[K[Kdr[K[Krdx)
$18 = 0x7fffffffeaa6 "/import/linux/home1/rimai1/git-repos/i220b/work/lab9/hello"
(gdb) p ()c)h)a)r) )*)[C0x7fffffffeaa6
$19 = 0x7fffffffeaa6 "/import/linux/home1/rimai1/git-repos/i220b/work/lab9/hello"
(gdb) ni
usage: /import/linux/home1/rimai1/git-repos/i220b/work/lab9/hello NAME...
18	    exit(0xdeadbeef);
1: x/i *$pc
=> 0x5555555551ab <main+55>:	mov    $0xdeadbeef,%edi
(gdb) 
0x00005555555551b0	18	    exit(0xdeadbeef);
1: x/i *$pc
=> 0x5555555551b0 <main+60>:	callq  0x555555555040 <exit@plt>
(gdb) q
A debugging session is active.

	Inferior 1 [process 21302] will be killed.

Quit anyway? (y or n) y
rimai1@g7-34:~/git-repos/i220b/work/lab9$ gdb hello
GNU gdb (Debian 8.2.1-2) 8.2.1
Copyright (C) 2018 Free Software Foundation, Inc.
License GPLv3+: GNU GPL version 3 or later <http://gnu.org/licenses/gpl.html>
This is free software: you are free to change and redistribute it.
There is NO WARRANTY, to the extent permitted by law.
Type "show copying" and "show warranty" for details.
This GDB was configured as "x86_64-linux-gnu".
Type "show configuration" for configuration details.
For bug reporting instructions, please see:
<http://www.gnu.org/software/gdb/bugs/>.
Find the GDB manual and other documentation resources online at:
    <http://www.gnu.org/software/gdb/documentation/>.

For help, type "help".
Type "apropos word" to search for commands related to "word"...
Reading symbols from hello...done.
(gdb) b hello
Breakpoint 1 at 0x1155: file hello.c, line 8.
(gdb) r joe [K
Starting program: /import/linux/home1/rimai1/git-repos/i220b/work/lab9/hello joe

Breakpoint 1, hello (out=0x7ffff7f92760 <_IO_2_1_stdout_>, who=0x7fffffffeadd "joe")
    at hello.c:8
8	  fprintf(out, "hello %s\n", who);
(gdb) pw[K who
$1 = 0x7fffffffeadd "joe"
(gdb) dis[K[K[Kdisas /m
Dump of assembler code for function hello:
7	{
   0x0000555555555145 <+0>:	push   %rbp
   0x0000555555555146 <+1>:	mov    %rsp,%rbp
   0x0000555555555149 <+4>:	sub    $0x10,%rsp
   0x000055555555514d <+8>:	mov    %rdi,-0x8(%rbp)
   0x0000555555555151 <+12>:	mov    %rsi,-0x10(%rbp)

8	  fprintf(out, "hello %s\n", who);
=> 0x0000555555555155 <+16>:	mov    -0x10(%rbp),%rdx
   0x0000555555555159 <+20>:	mov    -0x8(%rbp),%rax
   0x000055555555515d <+24>:	lea    0xea0(%rip),%rsi        # 0x555555556004
   0x0000555555555164 <+31>:	mov    %rax,%rdi
   0x0000555555555167 <+34>:	mov    $0x0,%eax
   0x000055555555516c <+39>:	callq  0x555555555030 <fprintf@plt>

9	}
   0x0000555555555171 <+44>:	nop
   0x0000555555555172 <+45>:	leaveq 
   0x0000555555555173 <+46>:	retq   

End of assembler dump.
(gdb) rerg [K[K[K[K[Ki er[K[Kreg
rax            0x7ffff7f92760      140737353688928
rbx            0x0                 0
rcx            0x7ffff7f91718      140737353684760
rdx            0x7fffffffeadd      140737488349917
rsi            0x7fffffffeadd      140737488349917
rdi            0x7ffff7f92760      140737353688928
rbp            0x7fffffffe6b0      0x7fffffffe6b0
rsp            0x7fffffffe6a0      0x7fffffffe6a0
r8             0x7ffff7f92d80      140737353690496
r9             0x7ffff7f92d80      140737353690496
r10            0x7                 7
r11            0x2                 2
r12            0x555555555060      93824992235616
r13            0x7fffffffe7c0      140737488349120
r14            0x0                 0
r15            0x0                 0
rip            0x555555555155      0x555555555155 <hello+16>
eflags         0x206               [ PF IF ]
cs             0x33                51
ss             0x2b                43
ds             0x0                 0
es             0x0                 0
--Type <RET> for more, q to quit, c to continue without paging--q
Quit
(gdb) p ()c)h)a)r) )*)[C()$)r)d)i)
$2 = 0x7ffff7f92760 <_IO_2_1_stdout_> "\204 \255", <incomplete sequence \373>
(gdb) p ()[C ()* ()[1P ()[C*()[Cc)o)n)s)t) )c)g)h)a)[1P)[1P)[1P)h)a)r) )*)*)[C*)[C()$)r)b)p) )-) )1)6)
$3 = (const char **) 0x7fffffffeadd
(gdb) d[Kp ()c)h)a)r)*) )[1P )[C )* )[C[1P)[C0x7fffffffeadd
$4 = 0x7fffffffeadd "joe"
(gdb) p *()c)o)n)s)t) )c)h)a)r) )*)*)[C()$)b)[1P)r)a)x)
$5 = 0xfbad2084 <error: Cannot access memory at address 0xfbad2084>
(gdb) c[Kp *(const char **)($rax)[C*)($rax)
$6 = (const char **) 0xfbad2084
(gdb) pc[K *()[C[K[K[K()c)o)n)[1P)[1P)h)a)r) )*)[C)[K0xfbad2048[K[K84
$7 = 0xfbad2084 <error: Cannot access memory at address 0xfbad2084>
(gdb) c[Kp (char *)0xfbad2084[K[K[K[K[K[K[K[K[K[K[K[K[K[K[K[K[K[K*()c)o)n)s)t) )c)h)a)r) )*)*)*)[C()$)r)d)[C[K[K[K[K[K$rdx
$8 = (const char **) 0x4c45485300656f6a
(gdb) d[Kp ()c)h)a)r) )*)[C0x4x[Kc45485300656f6a
$9 = 0x4c45485300656f6a <error: Cannot access memory at address 0x4c45485300656f6a>
(gdb) p (char *)0x4c45485300656f6a[C[C[C[C[C[C[C[C[5P*(const char ***)$rdx[K[K[Krsi
$10 = (const char **) 0x4c45485300656f6a
(gdb) p *(const char ***)$rsi[K[K[Keax
Cannot access memory at address 0xfffffffff7f92760
(gdb) p ()c)h)a)r) )*)[C0x5555555560054[K[K4
$11 = 0x555555556004 "hello %s\n"
(gdb) p (char *)0x555555556004[C[C[C[C[C[C[C[C[1P*(const char ***)$eaxrsi [K
$12 = (const char **) 0x4c45485300656f6a
(gdb) s[Kge[K[Ks[Kp ()c)h)a)r) )8)[1P)*)[C0x4cx[K[K[K[K[K0x4c45485300656f6a
$13 = 0x4c45485300656f6a <error: Cannot access memory at address 0x4c45485300656f6a>
(gdb) p *()c)o)n)s) )[1P)t) )c)h)a)r) )*)*)*)[C()%)[1P)$)r)b)p) )-) )8)
$14 = (const char **) 0x7ffff7f92760 <_IO_2_1_stdout_>
(gdb) p *(const char ***)($rbp - 8)[1P[1P[1@i[C[1@p[C[1P[1P[1P[1@r[1@i[1@p[C[C[C[C[1P)0)x)e)a)0)
$15 = (const char **) 0x362d3638782d7875
(gdb) p ()c)h)a)r) )8)[1P)*)[C0x362d3638782d7875
$16 = 0x362d3638782d7875 <error: Cannot access memory at address 0x362d3638782d7875>
(gdb) q
A debugging session is active.

	Inferior 1 [process 28428] will be killed.

Quit anyway? (y or n) y
rimai1@g7-34:~/git-repos/i220b/work/lab9$ gdb
GNU gdb (Debian 8.2.1-2) 8.2.1
Copyright (C) 2018 Free Software Foundation, Inc.
License GPLv3+: GNU GPL version 3 or later <http://gnu.org/licenses/gpl.html>
This is free software: you are free to change and redistribute it.
There is NO WARRANTY, to the extent permitted by law.
Type "show copying" and "show warranty" for details.
This GDB was configured as "x86_64-linux-gnu".
Type "show configuration" for configuration details.
For bug reporting instructions, please see:
<http://www.gnu.org/software/gdb/bugs/>.
Find the GDB manual and other documentation resources online at:
    <http://www.gnu.org/software/gdb/documentation/>.

For help, type "help".
Type "apropos word" to search for commands related to "word".
(gdb) q
rimai1@g7-34:~/git-repos/i220b/work/lab9$ gdb hello
GNU gdb (Debian 8.2.1-2) 8.2.1
Copyright (C) 2018 Free Software Foundation, Inc.
License GPLv3+: GNU GPL version 3 or later <http://gnu.org/licenses/gpl.html>
This is free software: you are free to change and redistribute it.
There is NO WARRANTY, to the extent permitted by law.
Type "show copying" and "show warranty" for details.
This GDB was configured as "x86_64-linux-gnu".
Type "show configuration" for configuration details.
For bug reporting instructions, please see:
<http://www.gnu.org/software/gdb/bugs/>.
Find the GDB manual and other documentation resources online at:
    <http://www.gnu.org/software/gdb/documentation/>.

For help, type "help".
Type "apropos word" to search for commands related to "word"...
Reading symbols from hello...done.
(gdb) start hio[K[K[Kjoe
Temporary breakpoint 1 at 0x1183: file hello.c, line 16.
Starting program: /import/linux/home1/rimai1/git-repos/i220b/work/lab9/hello joe

Temporary breakpoint 1, main (argc=2, argv=0x7fffffffe7c8) at hello.c:16
16	  if (argc == 1) {
(gdb) dia[Ksass [K[K /m
Dump of assembler code for function main:
15	{
   0x0000555555555174 <+0>:	push   %rbp
   0x0000555555555175 <+1>:	mov    %rsp,%rbp
   0x0000555555555178 <+4>:	sub    $0x20,%rsp
   0x000055555555517c <+8>:	mov    %edi,-0x14(%rbp)
   0x000055555555517f <+11>:	mov    %rsi,-0x20(%rbp)

16	  if (argc == 1) {
=> 0x0000555555555183 <+15>:	cmpl   $0x1,-0x14(%rbp)
   0x0000555555555187 <+19>:	jne    0x5555555551b5 <main+65>

17	    fprintf(stderr, "usage: %s NAME...\n", argv[0]);
   0x0000555555555189 <+21>:	mov    -0x20(%rbp),%rax
   0x000055555555518d <+25>:	mov    (%rax),%rdx
   0x0000555555555190 <+28>:	mov    0x2ec9(%rip),%rax        # 0x555555558060 <stderr@@GLIBC_2.2.5>
   0x0000555555555197 <+35>:	lea    0xe70(%rip),%rsi        # 0x55555555600e
   0x000055555555519e <+42>:	mov    %rax,%rdi
   0x00005555555551a1 <+45>:	mov    $0x0,%eax
   0x00005555555551a6 <+50>:	callq  0x555555555030 <fprintf@plt>

--Type <RET> for more, q to quit, c to continue without paging--c
18	    exit(0xdeadbeef);
   0x00005555555551ab <+55>:	mov    $0xdeadbeef,%edi
   0x00005555555551b0 <+60>:	callq  0x555555555040 <exit@plt>

19	  }
20	  for (int i = 1; i < argc; i++) {
   0x00005555555551b5 <+65>:	movl   $0x1,-0x4(%rbp)
   0x00005555555551bc <+72>:	jmp    0x5555555551eb <main+119>
   0x00005555555551e7 <+115>:	addl   $0x1,-0x4(%rbp)
   0x00005555555551eb <+119>:	mov    -0x4(%rbp),%eax
   0x00005555555551ee <+122>:	cmp    -0x14(%rbp),%eax
   0x00005555555551f1 <+125>:	jl     0x5555555551be <main+74>

21	    hello(stdout, argv[i]);
   0x00005555555551be <+74>:	mov    -0x4(%rbp),%eax
   0x00005555555551c1 <+77>:	cltq   
   0x00005555555551c3 <+79>:	lea    0x0(,%rax,8),%rdx
   0x00005555555551cb <+87>:	mov    -0x20(%rbp),%rax
   0x00005555555551cf <+91>:	add    %rdx,%rax
   0x00005555555551d2 <+94>:	mov    (%rax),%rdx
   0x00005555555551d5 <+97>:	mov    0x2e64(%rip),%rax        # 0x555555558040 <stdout@@GLIBC_2.2.5>
   0x00005555555551dc <+104>:	mov    %rdx,%rsi
   0x00005555555551df <+107>:	mov    %rax,%rdi
   0x00005555555551e2 <+110>:	callq  0x555555555145 <hello>

22	  }
23	  return 0;
   0x00005555555551f3 <+127>:	mov    $0x0,%eax

24	}
   0x00005555555551f8 <+132>:	leaveq 
   0x00005555555551f9 <+133>:	retq   

End of assembler dump.
(gdb) b *0x00005555555551ee
Breakpoint 2 at 0x5555555551ee: file hello.c, line 20.
(gdb) c
Continuing.

Breakpoint 2, 0x00005555555551ee in main (argc=2, argv=0x7fffffffe7c8) at hello.c:20
20	  for (int i = 1; i < argc; i++) {
(gdb) p i
$1 = 1
(gdb) 
$2 = 1
(gdb) 
$3 = 1
(gdb) c
Continuing.
hello joe

Breakpoint 2, 0x00005555555551ee in main (argc=2, argv=0x7fffffffe7c8) at hello.c:20
20	  for (int i = 1; i < argc; i++) {
(gdb) 
Continuing.
[Inferior 1 (process 377) exited normally]
(gdb) 
The program is not being run.
(gdb) 
The program is not being run.
(gdb) c
The program is not being run.
(gdb) p[Kp i
No symbol "i" in current context.
(gdb) se[K[Kset $eax = $eax-1
No registers.
(gdb) n
The program is not being run.
(gdb) 
The program is not being run.
(gdb) 
The program is not being run.
(gdb) q
rimai1@g7-34:~/git-repos/i220b/work/lab9$ gdb hello
GNU gdb (Debian 8.2.1-2) 8.2.1
Copyright (C) 2018 Free Software Foundation, Inc.
License GPLv3+: GNU GPL version 3 or later <http://gnu.org/licenses/gpl.html>
This is free software: you are free to change and redistribute it.
There is NO WARRANTY, to the extent permitted by law.
Type "show copying" and "show warranty" for details.
This GDB was configured as "x86_64-linux-gnu".
Type "show configuration" for configuration details.
For bug reporting instructions, please see:
<http://www.gnu.org/software/gdb/bugs/>.
Find the GDB manual and other documentation resources online at:
    <http://www.gnu.org/software/gdb/documentation/>.

For help, type "help".
Type "apropos word" to search for commands related to "word"...
Reading symbols from hello...done.
(gdb) v[K\[Kstart joe
Temporary breakpoint 1 at 0x1183: file hello.c, line 16.
Starting program: /import/linux/home1/rimai1/git-repos/i220b/work/lab9/hello joe

Temporary breakpoint 1, main (argc=2, argv=0x7fffffffe7c8) at hello.c:16
16	  if (argc == 1) {
(gdb) disas /m
Dump of assembler code for function main:
15	{
   0x0000555555555174 <+0>:	push   %rbp
   0x0000555555555175 <+1>:	mov    %rsp,%rbp
   0x0000555555555178 <+4>:	sub    $0x20,%rsp
   0x000055555555517c <+8>:	mov    %edi,-0x14(%rbp)
   0x000055555555517f <+11>:	mov    %rsi,-0x20(%rbp)

16	  if (argc == 1) {
=> 0x0000555555555183 <+15>:	cmpl   $0x1,-0x14(%rbp)
   0x0000555555555187 <+19>:	jne    0x5555555551b5 <main+65>

17	    fprintf(stderr, "usage: %s NAME...\n", argv[0]);
   0x0000555555555189 <+21>:	mov    -0x20(%rbp),%rax
   0x000055555555518d <+25>:	mov    (%rax),%rdx
   0x0000555555555190 <+28>:	mov    0x2ec9(%rip),%rax        # 0x555555558060 <stderr@@GLIBC_2.2.5>
   0x0000555555555197 <+35>:	lea    0xe70(%rip),%rsi        # 0x55555555600e
   0x000055555555519e <+42>:	mov    %rax,%rdi
   0x00005555555551a1 <+45>:	mov    $0x0,%eax
   0x00005555555551a6 <+50>:	callq  0x555555555030 <fprintf@plt>

--Type <RET> for more, q to quit, c to continue without paging--c
18	    exit(0xdeadbeef);
   0x00005555555551ab <+55>:	mov    $0xdeadbeef,%edi
   0x00005555555551b0 <+60>:	callq  0x555555555040 <exit@plt>

19	  }
20	  for (int i = 1; i < argc; i++) {
   0x00005555555551b5 <+65>:	movl   $0x1,-0x4(%rbp)
   0x00005555555551bc <+72>:	jmp    0x5555555551eb <main+119>
   0x00005555555551e7 <+115>:	addl   $0x1,-0x4(%rbp)
   0x00005555555551eb <+119>:	mov    -0x4(%rbp),%eax
   0x00005555555551ee <+122>:	cmp    -0x14(%rbp),%eax
   0x00005555555551f1 <+125>:	jl     0x5555555551be <main+74>

21	    hello(stdout, argv[i]);
   0x00005555555551be <+74>:	mov    -0x4(%rbp),%eax
   0x00005555555551c1 <+77>:	cltq   
   0x00005555555551c3 <+79>:	lea    0x0(,%rax,8),%rdx
   0x00005555555551cb <+87>:	mov    -0x20(%rbp),%rax
   0x00005555555551cf <+91>:	add    %rdx,%rax
   0x00005555555551d2 <+94>:	mov    (%rax),%rdx
   0x00005555555551d5 <+97>:	mov    0x2e64(%rip),%rax        # 0x555555558040 <stdout@@GLIBC_2.2.5>
   0x00005555555551dc <+104>:	mov    %rdx,%rsi
   0x00005555555551df <+107>:	mov    %rax,%rdi
   0x00005555555551e2 <+110>:	callq  0x555555555145 <hello>

22	  }
23	  return 0;
   0x00005555555551f3 <+127>:	mov    $0x0,%eax

24	}
   0x00005555555551f8 <+132>:	leaveq 
   0x00005555555551f9 <+133>:	retq   

End of assembler dump.
(gdb) b *0x00005555555551ee
Breakpoint 2 at 0x5555555551ee: file hello.c, line 20.
(gdb) p i
No symbol "i" in current context.
(gdb) c
Continuing.

Breakpoint 2, 0x00005555555551ee in main (argc=2, argv=0x7fffffffe7c8) at hello.c:20
20	  for (int i = 1; i < argc; i++) {
(gdb) p i
$1 = 1
(gdb) p i
$2 = 1
(gdb) c
Continuing.
hello joe

Breakpoint 2, 0x00005555555551ee in main (argc=2, argv=0x7fffffffe7c8) at hello.c:20
20	  for (int i = 1; i < argc; i++) {
(gdb) p i
$3 = 2
(gdb) set $eax -[K= $eax 1[K-1
(gdb) p i
$4 = 2
(gdb) s[Kd[Kd[Kc
Continuing.
hello (null)

Breakpoint 2, 0x00005555555551ee in main (argc=2, argv=0x7fffffffe7c8) at hello.c:20
20	  for (int i = 1; i < argc; i++) {
(gdb) p-[K i
$5 = 3
(gdb)  c
Continuing.
[Inferior 1 (process 1603) exited normally]
(gdb) p i
No symbol "i" in current context.
(gdb) c
The program is not being run.
(gdb) 
The program is not being run.
(gdb) q
rimai1@g7-34:~/git-repos/i220b/work/lab9$ d[Kexit

Script done on 2019-10-17 17:09:34-04:00 [COMMAND_EXIT_CODE="0"]
